// Jest Snapshot v1, https://goo.gl/fbAQLP

exports[`Flight List renders correctly 1`] = `
<div
  className="flight-list-wrapper"
>
  <div
    className="flight-list-reset"
  >
    <button
      className="flight-list-reset-button"
      onClick={[Function]}
    >
      reset
    </button>
  </div>
  <ul
    className="flight-list"
  >
    <li
      className="flight-list-item"
      key="0"
      onClick={[Function]}
    >
      <h3
        className="flight-list-item__header"
      >
        Flight: 
        AS1001
      </h3>
      <div
        className="flight-list-item__data"
      >
        <span>
          Departure: 
          06:00
           - 
          LFSB
        </span>
        <span
          className="flight-list-item__data-arrow"
        />
        <span>
          Arrival: 
          07:15
           - 
          LFMN
        </span>
      </div>
    </li>
  </ul>
</div>
`;
