// Jest Snapshot v1, https://goo.gl/fbAQLP

exports[`Rotation List renders correctly 1`] = `
<div
  className="rotation-list-wrapper"
>
  <h2>
    Rotation
  </h2>
  <ul
    className="rotation-list"
  >
    <li
      className="rotation-list-item"
      key="0"
    >
      <h3
        className="rotation-list-item__header"
      >
        Flight: 
        AS1001
      </h3>
      <div
        className="rotation-list-item__data"
      >
        <span>
          Departure: 
          06:00
           - 
          LFSB
        </span>
        <span
          className="rotation-list-item__data-arrow"
        />
        <span>
          Arrival: 
          07:15
           - 
          LFMN
        </span>
      </div>
    </li>
  </ul>
</div>
`;
